// Jest Snapshot v1, https://goo.gl/fbAQLP

exports[`<Profile /> matches snapshot 1`] = `
<div>
  <div>
    <b>
      mrsono0
      1
    </b>
     
    <span>
      (
      손정현
      )
    </span>
  </div>
</div>
`;
